--------------------------------
Account Management System
1. View Balance
2. Credit Account
3. Debit Account
4. Exit
--------------------------------
Enter your choice (1-4): 
Enter credit amount: 
Amount credited. New balance: 001100.00
--------------------------------
Account Management System
1. View Balance
2. Credit Account
3. Debit Account
4. Exit
--------------------------------
Enter your choice (1-4): 
Exiting the program. Goodbye!
