--------------------------------
Account Management System
1. View Balance
2. Credit Account
3. Debit Account
4. Exit
--------------------------------
Enter your choice (1-4): 
Enter debit amount: 
Amount debited. New balance: 000950.00
--------------------------------
Account Management System
1. View Balance
2. Credit Account
3. Debit Account
4. Exit
--------------------------------
Enter your choice (1-4): 
Exiting the program. Goodbye!
